<?xml version="1.0" encoding="UTF-8"?>
<TestRun id="e5ed21a6-1de6-4944-ad72-a62a714ae749" name="Zach Bonham@BONHAM 2010-10-30 09:18:46" runUser="BONHAM\Zach Bonham" xmlns="http://microsoft.com/schemas/VisualStudio/TeamTest/2010">
  <TestSettings name="Local" id="8a2b73f9-6de4-4b08-8105-5a53b4a27fc1">
    <Description>These are default test settings for a local test run.</Description>
    <Deployment enabled="false" runDeploymentRoot="Zach Bonham_BONHAM 2010-10-30 09_18_46" />
    <Execution>
      <TestTypeSpecific />
      <AgentRule name="Execution Agents">
      </AgentRule>
    </Execution>
  </TestSettings>
  <Times creation="2010-10-30T09:18:46.5011538-05:00" queuing="2010-10-30T09:18:46.5421710-05:00" start="2010-10-30T09:18:46.7531166-05:00" finish="2010-10-30T09:18:48.0070710-05:00" />
  <ResultSummary outcome="Completed">
    <Counters total="4" executed="4" passed="4" error="0" failed="0" timeout="0" aborted="0" inconclusive="0" passedButRunAborted="0" notRunnable="0" notExecuted="0" disconnected="0" warning="0" completed="0" inProgress="0" pending="0" />
  </ResultSummary>
  <TestDefinitions>
    <UnitTest name="FileRepository_Should_CreateResourceFile" storage="c:\dev\lingua\lingua.tests\bin\debug\lingua.tests.dll" id="b3af927c-af89-dc19-1c3b-65bef846fd70">
      <Execution id="550074d9-c11d-49cb-bdb6-df5f98c34e80" />
      <TestMethod codeBase="c:/dev/Lingua/Lingua.Tests/bin/Debug/Lingua.Tests.DLL" adapterTypeName="Microsoft.VisualStudio.TestTools.TestTypes.Unit.UnitTestAdapter, Microsoft.VisualStudio.QualityTools.Tips.UnitTest.Adapter, Version=10.0.0.0, Culture=neutral, PublicKeyToken=b03f5f7f11d50a3a" className="Lingua.Tests.LinguaTests, Lingua.Tests, Version=1.0.0.0, Culture=neutral, PublicKeyToken=null" name="FileRepository_Should_CreateResourceFile" />
    </UnitTest>
    <UnitTest name="Should_WriteValueToResx" storage="c:\dev\lingua\lingua.tests\bin\debug\lingua.tests.dll" id="d7bd4fe0-5648-df1f-373e-dc841f7c4af8">
      <Execution id="5d0733e6-2909-4d49-81f7-73c54dfc598d" />
      <TestMethod codeBase="c:/dev/Lingua/Lingua.Tests/bin/Debug/Lingua.Tests.DLL" adapterTypeName="Microsoft.VisualStudio.TestTools.TestTypes.Unit.UnitTestAdapter, Microsoft.VisualStudio.QualityTools.Tips.UnitTest.Adapter, Version=10.0.0.0, Culture=neutral, PublicKeyToken=b03f5f7f11d50a3a" className="Lingua.Tests.LinguaTests, Lingua.Tests, Version=1.0.0.0, Culture=neutral, PublicKeyToken=null" name="Should_WriteValueToResx" />
    </UnitTest>
    <UnitTest name="Should_WriteUpdateValueToResx" storage="c:\dev\lingua\lingua.tests\bin\debug\lingua.tests.dll" id="e2a9c220-0da1-e08a-a96f-3ac3c859fca0">
      <Execution id="94e0c28f-e625-4091-8545-263993b1bd1c" />
      <TestMethod codeBase="c:/dev/Lingua/Lingua.Tests/bin/Debug/Lingua.Tests.DLL" adapterTypeName="Microsoft.VisualStudio.TestTools.TestTypes.Unit.UnitTestAdapter, Microsoft.VisualStudio.QualityTools.Tips.UnitTest.Adapter, Version=10.0.0.0, Culture=neutral, PublicKeyToken=b03f5f7f11d50a3a" className="Lingua.Tests.LinguaTests, Lingua.Tests, Version=1.0.0.0, Culture=neutral, PublicKeyToken=null" name="Should_WriteUpdateValueToResx" />
    </UnitTest>
    <UnitTest name="Should_CreateResxFile" storage="c:\dev\lingua\lingua.tests\bin\debug\lingua.tests.dll" id="fe1f06f9-29c8-acaf-4eff-c94e0dccb888">
      <Execution id="9e7a4118-56b5-48d3-8eb0-b8274b099336" />
      <TestMethod codeBase="c:/dev/Lingua/Lingua.Tests/bin/Debug/Lingua.Tests.DLL" adapterTypeName="Microsoft.VisualStudio.TestTools.TestTypes.Unit.UnitTestAdapter, Microsoft.VisualStudio.QualityTools.Tips.UnitTest.Adapter, Version=10.0.0.0, Culture=neutral, PublicKeyToken=b03f5f7f11d50a3a" className="Lingua.Tests.LinguaTests, Lingua.Tests, Version=1.0.0.0, Culture=neutral, PublicKeyToken=null" name="Should_CreateResxFile" />
    </UnitTest>
  </TestDefinitions>
  <TestLists>
    <TestList name="Results Not in a List" id="8c84fa94-04c1-424b-9868-57a2d4851a1d" />
    <TestList name="All Loaded Results" id="19431567-8539-422a-85d7-44ee4e166bda" />
  </TestLists>
  <TestEntries>
    <TestEntry testId="b3af927c-af89-dc19-1c3b-65bef846fd70" executionId="550074d9-c11d-49cb-bdb6-df5f98c34e80" testListId="8c84fa94-04c1-424b-9868-57a2d4851a1d" />
    <TestEntry testId="d7bd4fe0-5648-df1f-373e-dc841f7c4af8" executionId="5d0733e6-2909-4d49-81f7-73c54dfc598d" testListId="8c84fa94-04c1-424b-9868-57a2d4851a1d" />
    <TestEntry testId="e2a9c220-0da1-e08a-a96f-3ac3c859fca0" executionId="94e0c28f-e625-4091-8545-263993b1bd1c" testListId="8c84fa94-04c1-424b-9868-57a2d4851a1d" />
    <TestEntry testId="fe1f06f9-29c8-acaf-4eff-c94e0dccb888" executionId="9e7a4118-56b5-48d3-8eb0-b8274b099336" testListId="8c84fa94-04c1-424b-9868-57a2d4851a1d" />
  </TestEntries>
  <Results>
    <UnitTestResult executionId="550074d9-c11d-49cb-bdb6-df5f98c34e80" testId="b3af927c-af89-dc19-1c3b-65bef846fd70" testName="FileRepository_Should_CreateResourceFile" computerName="BONHAM" duration="00:00:00.0195658" startTime="2010-10-30T09:18:47.0685584-05:00" endTime="2010-10-30T09:18:47.3957194-05:00" testType="13cdc9d9-ddb5-4fa4-a97d-d965ccfc6d4b" outcome="Passed" testListId="8c84fa94-04c1-424b-9868-57a2d4851a1d" relativeResultsDirectory="550074d9-c11d-49cb-bdb6-df5f98c34e80">
    </UnitTestResult>
    <UnitTestResult executionId="5d0733e6-2909-4d49-81f7-73c54dfc598d" testId="d7bd4fe0-5648-df1f-373e-dc841f7c4af8" testName="Should_WriteValueToResx" computerName="BONHAM" duration="00:00:00.0094023" startTime="2010-10-30T09:18:47.4152514-05:00" endTime="2010-10-30T09:18:47.4328302-05:00" testType="13cdc9d9-ddb5-4fa4-a97d-d965ccfc6d4b" outcome="Passed" testListId="8c84fa94-04c1-424b-9868-57a2d4851a1d" relativeResultsDirectory="5d0733e6-2909-4d49-81f7-73c54dfc598d">
    </UnitTestResult>
    <UnitTestResult executionId="94e0c28f-e625-4091-8545-263993b1bd1c" testId="e2a9c220-0da1-e08a-a96f-3ac3c859fca0" testName="Should_WriteUpdateValueToResx" computerName="BONHAM" duration="00:00:00.0139478" startTime="2010-10-30T09:18:47.4377132-05:00" endTime="2010-10-30T09:18:47.4582218-05:00" testType="13cdc9d9-ddb5-4fa4-a97d-d965ccfc6d4b" outcome="Passed" testListId="8c84fa94-04c1-424b-9868-57a2d4851a1d" relativeResultsDirectory="94e0c28f-e625-4091-8545-263993b1bd1c">
    </UnitTestResult>
    <UnitTestResult executionId="9e7a4118-56b5-48d3-8eb0-b8274b099336" testId="fe1f06f9-29c8-acaf-4eff-c94e0dccb888" testName="Should_CreateResxFile" computerName="BONHAM" duration="00:00:00.0059186" startTime="2010-10-30T09:18:47.4640814-05:00" endTime="2010-10-30T09:18:47.4797070-05:00" testType="13cdc9d9-ddb5-4fa4-a97d-d965ccfc6d4b" outcome="Passed" testListId="8c84fa94-04c1-424b-9868-57a2d4851a1d" relativeResultsDirectory="9e7a4118-56b5-48d3-8eb0-b8274b099336">
    </UnitTestResult>
  </Results>
</TestRun>