<?xml version="1.0" encoding="UTF-8"?>
<TestRun id="fd17c4b1-58f4-49f9-b11f-b17bd2508a88" name="Zach Bonham@BONHAM 2010-10-30 09:31:17" runUser="BONHAM\Zach Bonham" xmlns="http://microsoft.com/schemas/VisualStudio/TeamTest/2010">
  <TestSettings name="Local" id="8a2b73f9-6de4-4b08-8105-5a53b4a27fc1">
    <Description>These are default test settings for a local test run.</Description>
    <Deployment enabled="false" runDeploymentRoot="Zach Bonham_BONHAM 2010-10-30 09_31_17">
      <DeploymentItem filename="c:\dev\Lingua\Lingua\bin\Debug\Lingua.dll" />
    </Deployment>
    <Execution>
      <TestTypeSpecific />
      <AgentRule name="Execution Agents">
      </AgentRule>
    </Execution>
  </TestSettings>
  <Times creation="2010-10-30T09:31:17.8140569-05:00" queuing="2010-10-30T09:31:17.8921849-05:00" start="2010-10-30T09:31:18.0718793-05:00" finish="2010-10-30T09:31:19.4176341-05:00" />
  <ResultSummary outcome="Completed">
    <Counters total="1" executed="1" passed="1" error="0" failed="0" timeout="0" aborted="0" inconclusive="0" passedButRunAborted="0" notRunnable="0" notExecuted="0" disconnected="0" warning="0" completed="0" inProgress="0" pending="0" />
  </ResultSummary>
  <TestDefinitions>
    <UnitTest name="FileRepository_Should_NotOverwriteExistingResx" storage="c:\dev\lingua\lingua.tests\bin\debug\lingua.tests.dll" id="c3da0799-2937-267f-6247-a0bd8cf3a545">
      <Execution id="70021760-5f79-44e4-8089-a992ae1299fa" />
      <TestMethod codeBase="c:/dev/Lingua/Lingua.Tests/bin/Debug/Lingua.Tests.DLL" adapterTypeName="Microsoft.VisualStudio.TestTools.TestTypes.Unit.UnitTestAdapter, Microsoft.VisualStudio.QualityTools.Tips.UnitTest.Adapter, Version=10.0.0.0, Culture=neutral, PublicKeyToken=b03f5f7f11d50a3a" className="Lingua.Tests.FileRepositoryTests, Lingua.Tests, Version=1.0.0.0, Culture=neutral, PublicKeyToken=null" name="FileRepository_Should_NotOverwriteExistingResx" />
    </UnitTest>
  </TestDefinitions>
  <TestLists>
    <TestList name="Results Not in a List" id="8c84fa94-04c1-424b-9868-57a2d4851a1d" />
    <TestList name="All Loaded Results" id="19431567-8539-422a-85d7-44ee4e166bda" />
  </TestLists>
  <TestEntries>
    <TestEntry testId="c3da0799-2937-267f-6247-a0bd8cf3a545" executionId="70021760-5f79-44e4-8089-a992ae1299fa" testListId="8c84fa94-04c1-424b-9868-57a2d4851a1d" />
  </TestEntries>
  <Results>
    <UnitTestResult executionId="70021760-5f79-44e4-8089-a992ae1299fa" testId="c3da0799-2937-267f-6247-a0bd8cf3a545" testName="FileRepository_Should_NotOverwriteExistingResx" computerName="BONHAM" duration="00:00:00.0205852" startTime="2010-10-30T09:31:18.4185723-05:00" endTime="2010-10-30T09:31:18.8971063-05:00" testType="13cdc9d9-ddb5-4fa4-a97d-d965ccfc6d4b" outcome="Passed" testListId="8c84fa94-04c1-424b-9868-57a2d4851a1d" relativeResultsDirectory="70021760-5f79-44e4-8089-a992ae1299fa">
    </UnitTestResult>
  </Results>
</TestRun>