<?xml version="1.0" encoding="UTF-8"?>
<TestRun id="d1f097c2-abf3-4887-9369-a734a16fdf2b" name="Zach Bonham@BONHAM 2010-10-30 09:17:47" runUser="BONHAM\Zach Bonham" xmlns="http://microsoft.com/schemas/VisualStudio/TeamTest/2010">
  <TestSettings name="Local" id="8a2b73f9-6de4-4b08-8105-5a53b4a27fc1">
    <Description>These are default test settings for a local test run.</Description>
    <Deployment enabled="false" runDeploymentRoot="Zach Bonham_BONHAM 2010-10-30 09_17_47" />
    <Execution>
      <TestTypeSpecific />
      <AgentRule name="Execution Agents">
      </AgentRule>
    </Execution>
  </TestSettings>
  <Times creation="2010-10-30T09:17:47.5926558-05:00" queuing="2010-10-30T09:17:48.0976097-05:00" start="2010-10-30T09:17:48.3193206-05:00" finish="2010-10-30T09:17:49.2491390-05:00" />
  <ResultSummary outcome="Completed">
    <Counters total="1" executed="1" passed="1" error="0" failed="0" timeout="0" aborted="0" inconclusive="0" passedButRunAborted="0" notRunnable="0" notExecuted="0" disconnected="0" warning="0" completed="0" inProgress="0" pending="0" />
  </ResultSummary>
  <TestDefinitions>
    <UnitTest name="FileRepository_Should_CreateResourceFile" storage="c:\dev\lingua\lingua.tests\bin\debug\lingua.tests.dll" id="b3af927c-af89-dc19-1c3b-65bef846fd70">
      <Execution id="d6816145-be33-477f-b25b-c82d603232d9" />
      <TestMethod codeBase="c:/dev/Lingua/Lingua.Tests/bin/Debug/Lingua.Tests.DLL" adapterTypeName="Microsoft.VisualStudio.TestTools.TestTypes.Unit.UnitTestAdapter, Microsoft.VisualStudio.QualityTools.Tips.UnitTest.Adapter, Version=10.0.0.0, Culture=neutral, PublicKeyToken=b03f5f7f11d50a3a" className="Lingua.Tests.LinguaTests, Lingua.Tests, Version=1.0.0.0, Culture=neutral, PublicKeyToken=null" name="FileRepository_Should_CreateResourceFile" />
    </UnitTest>
  </TestDefinitions>
  <TestLists>
    <TestList name="Results Not in a List" id="8c84fa94-04c1-424b-9868-57a2d4851a1d" />
    <TestList name="All Loaded Results" id="19431567-8539-422a-85d7-44ee4e166bda" />
  </TestLists>
  <TestEntries>
    <TestEntry testId="b3af927c-af89-dc19-1c3b-65bef846fd70" executionId="d6816145-be33-477f-b25b-c82d603232d9" testListId="8c84fa94-04c1-424b-9868-57a2d4851a1d" />
  </TestEntries>
  <Results>
    <UnitTestResult executionId="d6816145-be33-477f-b25b-c82d603232d9" testId="b3af927c-af89-dc19-1c3b-65bef846fd70" testName="FileRepository_Should_CreateResourceFile" computerName="BONHAM" duration="00:00:00.0253727" startTime="2010-10-30T09:17:48.4404314-05:00" endTime="2010-10-30T09:17:48.9483154-05:00" testType="13cdc9d9-ddb5-4fa4-a97d-d965ccfc6d4b" outcome="Passed" testListId="8c84fa94-04c1-424b-9868-57a2d4851a1d" relativeResultsDirectory="d6816145-be33-477f-b25b-c82d603232d9">
    </UnitTestResult>
  </Results>
</TestRun>