<?xml version="1.0" encoding="UTF-8"?>
<TestRun id="65de7a97-27f0-4c4d-9d42-e9fcb02ad549" name="Zach Bonham@BONHAM 2010-10-30 09:24:25" runUser="BONHAM\Zach Bonham" xmlns="http://microsoft.com/schemas/VisualStudio/TeamTest/2010">
  <TestSettings name="Local" id="8a2b73f9-6de4-4b08-8105-5a53b4a27fc1">
    <Description>These are default test settings for a local test run.</Description>
    <Deployment enabled="false" runDeploymentRoot="Zach Bonham_BONHAM 2010-10-30 09_24_25">
      <DeploymentItem filename="c:\dev\Lingua\Lingua\bin\Debug\Lingua.dll" />
    </Deployment>
    <Execution>
      <TestTypeSpecific />
      <AgentRule name="Execution Agents">
      </AgentRule>
    </Execution>
  </TestSettings>
  <Times creation="2010-10-30T09:24:25.3572223-05:00" queuing="2010-10-30T09:24:25.4060523-05:00" start="2010-10-30T09:24:25.6980557-05:00" finish="2010-10-30T09:24:26.6482875-05:00" />
  <ResultSummary outcome="Completed">
    <Counters total="4" executed="4" passed="4" error="0" failed="0" timeout="0" aborted="0" inconclusive="0" passedButRunAborted="0" notRunnable="0" notExecuted="0" disconnected="0" warning="0" completed="0" inProgress="0" pending="0" />
  </ResultSummary>
  <TestDefinitions>
    <UnitTest name="SystemResourceTests_Should_WriteUpdateValueToResx" storage="c:\dev\lingua\lingua.tests\bin\debug\lingua.tests.dll" id="4d55d3f7-5d81-3906-b181-598d27688cce">
      <Execution id="d6d778f7-b8f7-4abd-a6e4-c846205718bd" />
      <TestMethod codeBase="c:/dev/Lingua/Lingua.Tests/bin/Debug/Lingua.Tests.DLL" adapterTypeName="Microsoft.VisualStudio.TestTools.TestTypes.Unit.UnitTestAdapter, Microsoft.VisualStudio.QualityTools.Tips.UnitTest.Adapter, Version=10.0.0.0, Culture=neutral, PublicKeyToken=b03f5f7f11d50a3a" className="Lingua.Tests.SystemResourceTests, Lingua.Tests, Version=1.0.0.0, Culture=neutral, PublicKeyToken=null" name="SystemResourceTests_Should_WriteUpdateValueToResx" />
    </UnitTest>
    <UnitTest name="FileRepository_Should_CreateResourceFile" storage="c:\dev\lingua\lingua.tests\bin\debug\lingua.tests.dll" id="594c105f-0b54-8eab-fea4-df341d144577">
      <Execution id="d4fd3682-8dd3-4e8a-93ce-c83c54731e6b" />
      <TestMethod codeBase="c:/dev/Lingua/Lingua.Tests/bin/Debug/Lingua.Tests.DLL" adapterTypeName="Microsoft.VisualStudio.TestTools.TestTypes.Unit.UnitTestAdapter, Microsoft.VisualStudio.QualityTools.Tips.UnitTest.Adapter, Version=10.0.0.0, Culture=neutral, PublicKeyToken=b03f5f7f11d50a3a" className="Lingua.Tests.FileRepositoryTests, Lingua.Tests, Version=1.0.0.0, Culture=neutral, PublicKeyToken=null" name="FileRepository_Should_CreateResourceFile" />
    </UnitTest>
    <UnitTest name="SystemResourceTests_Should_WriteValueToResx" storage="c:\dev\lingua\lingua.tests\bin\debug\lingua.tests.dll" id="c1b0fe5b-ec75-ad8e-c111-d93eb328aa4e">
      <Execution id="c711882c-a3f1-4743-b41a-0d1c31114948" />
      <TestMethod codeBase="c:/dev/Lingua/Lingua.Tests/bin/Debug/Lingua.Tests.DLL" adapterTypeName="Microsoft.VisualStudio.TestTools.TestTypes.Unit.UnitTestAdapter, Microsoft.VisualStudio.QualityTools.Tips.UnitTest.Adapter, Version=10.0.0.0, Culture=neutral, PublicKeyToken=b03f5f7f11d50a3a" className="Lingua.Tests.SystemResourceTests, Lingua.Tests, Version=1.0.0.0, Culture=neutral, PublicKeyToken=null" name="SystemResourceTests_Should_WriteValueToResx" />
    </UnitTest>
    <UnitTest name="SystemResourceTests_Should_CreateResxFile" storage="c:\dev\lingua\lingua.tests\bin\debug\lingua.tests.dll" id="e65981b8-8249-7761-514e-990af5848368">
      <Execution id="437f7c7c-8add-43c4-b706-d9b3872aa5d3" />
      <TestMethod codeBase="c:/dev/Lingua/Lingua.Tests/bin/Debug/Lingua.Tests.DLL" adapterTypeName="Microsoft.VisualStudio.TestTools.TestTypes.Unit.UnitTestAdapter, Microsoft.VisualStudio.QualityTools.Tips.UnitTest.Adapter, Version=10.0.0.0, Culture=neutral, PublicKeyToken=b03f5f7f11d50a3a" className="Lingua.Tests.SystemResourceTests, Lingua.Tests, Version=1.0.0.0, Culture=neutral, PublicKeyToken=null" name="SystemResourceTests_Should_CreateResxFile" />
    </UnitTest>
  </TestDefinitions>
  <TestLists>
    <TestList name="Results Not in a List" id="8c84fa94-04c1-424b-9868-57a2d4851a1d" />
    <TestList name="All Loaded Results" id="19431567-8539-422a-85d7-44ee4e166bda" />
  </TestLists>
  <TestEntries>
    <TestEntry testId="4d55d3f7-5d81-3906-b181-598d27688cce" executionId="d6d778f7-b8f7-4abd-a6e4-c846205718bd" testListId="8c84fa94-04c1-424b-9868-57a2d4851a1d" />
    <TestEntry testId="594c105f-0b54-8eab-fea4-df341d144577" executionId="d4fd3682-8dd3-4e8a-93ce-c83c54731e6b" testListId="8c84fa94-04c1-424b-9868-57a2d4851a1d" />
    <TestEntry testId="c1b0fe5b-ec75-ad8e-c111-d93eb328aa4e" executionId="c711882c-a3f1-4743-b41a-0d1c31114948" testListId="8c84fa94-04c1-424b-9868-57a2d4851a1d" />
    <TestEntry testId="e65981b8-8249-7761-514e-990af5848368" executionId="437f7c7c-8add-43c4-b706-d9b3872aa5d3" testListId="8c84fa94-04c1-424b-9868-57a2d4851a1d" />
  </TestEntries>
  <Results>
    <UnitTestResult executionId="d6d778f7-b8f7-4abd-a6e4-c846205718bd" testId="4d55d3f7-5d81-3906-b181-598d27688cce" testName="SystemResourceTests_Should_WriteUpdateValueToResx" computerName="BONHAM" duration="00:00:00.0269257" startTime="2010-10-30T09:24:26.0174039-05:00" endTime="2010-10-30T09:24:26.3269861-05:00" testType="13cdc9d9-ddb5-4fa4-a97d-d965ccfc6d4b" outcome="Passed" testListId="8c84fa94-04c1-424b-9868-57a2d4851a1d" relativeResultsDirectory="d6d778f7-b8f7-4abd-a6e4-c846205718bd">
    </UnitTestResult>
    <UnitTestResult executionId="d4fd3682-8dd3-4e8a-93ce-c83c54731e6b" testId="594c105f-0b54-8eab-fea4-df341d144577" testName="FileRepository_Should_CreateResourceFile" computerName="BONHAM" duration="00:00:00.0108158" startTime="2010-10-30T09:24:26.3406585-05:00" endTime="2010-10-30T09:24:26.3562841-05:00" testType="13cdc9d9-ddb5-4fa4-a97d-d965ccfc6d4b" outcome="Passed" testListId="8c84fa94-04c1-424b-9868-57a2d4851a1d" relativeResultsDirectory="d4fd3682-8dd3-4e8a-93ce-c83c54731e6b">
    </UnitTestResult>
    <UnitTestResult executionId="c711882c-a3f1-4743-b41a-0d1c31114948" testId="c1b0fe5b-ec75-ad8e-c111-d93eb328aa4e" testName="SystemResourceTests_Should_WriteValueToResx" computerName="BONHAM" duration="00:00:00.0083348" startTime="2010-10-30T09:24:26.3660501-05:00" endTime="2010-10-30T09:24:26.3933949-05:00" testType="13cdc9d9-ddb5-4fa4-a97d-d965ccfc6d4b" outcome="Passed" testListId="8c84fa94-04c1-424b-9868-57a2d4851a1d" relativeResultsDirectory="c711882c-a3f1-4743-b41a-0d1c31114948">
    </UnitTestResult>
    <UnitTestResult executionId="437f7c7c-8add-43c4-b706-d9b3872aa5d3" testId="e65981b8-8249-7761-514e-990af5848368" testName="SystemResourceTests_Should_CreateResxFile" computerName="BONHAM" duration="00:00:00.0064561" startTime="2010-10-30T09:24:26.4051141-05:00" endTime="2010-10-30T09:24:26.4178099-05:00" testType="13cdc9d9-ddb5-4fa4-a97d-d965ccfc6d4b" outcome="Passed" testListId="8c84fa94-04c1-424b-9868-57a2d4851a1d" relativeResultsDirectory="437f7c7c-8add-43c4-b706-d9b3872aa5d3">
    </UnitTestResult>
  </Results>
</TestRun>